// Jest Snapshot v1, https://goo.gl/fbAQLP

exports[`ProductImage debe de mostrar el componente con el nombre del producto 1`] = `
<div
  className="productCard undefined"
>
  <img
    alt="Coffee Mug"
    className="productImg undefined"
    src="./coffee-mug.png"
  />
</div>
`;

exports[`ProductImage debe mostrar el componente correctamente con el t√≠tulo personalizado 1`] = `
<img
  alt="Coffee Mug"
  className="productImg undefined"
  src="./coffee-mug.png"
/>
`;
